// Jest Snapshot v1, https://goo.gl/fbAQLP

exports[`from() 1`] = `
Object {
  "delete": [Function],
  "insert": [Function],
  "select": [Function],
  "update": [Function],
}
`;

exports[`from().select() 1`] = `
PostgrestFilterBuilder {
  "headers": Object {
    "Authorization": "Bearer some.fake.key",
    "apikey": "some.fake.key",
  },
  "method": "GET",
  "schema": "public",
  "url": "http://localhost:3000/rest/v1/table?select=*",
}
`;

exports[`supabase Client 1`] = `
Client {
  "auth": Client {
    "api": Api {
      "headers": Object {
        "Authorization": "Bearer some.fake.key",
        "apikey": "some.fake.key",
      },
      "url": "http://localhost:3000/auth/v1",
    },
    "autoRefreshToken": true,
    "currentSession": null,
    "currentUser": null,
    "persistSession": true,
    "stateChangeEmmitters": Map {},
  },
  "authUrl": "http://localhost:3000/auth/v1",
  "realtimeUrl": "ws://localhost:3000/realtime/v1",
  "restUrl": "http://localhost:3000/rest/v1",
  "schema": "public",
  "supabaseKey": "some.fake.key",
  "supabaseUrl": "http://localhost:3000",
}
`;
